Archive member included to satisfy reference by file (symbol)

c:/st/stm32cubeide_1.9.0/stm32cubeide/plugins/com.st.stm32cube.ide.mcu.externaltools.gnu-tools-for-stm32.10.3-2021.10.win32_1.0.0.202111181127/tools/bin/../lib/gcc/arm-none-eabi/10.3.1/../../../../arm-none-eabi/lib/thumb/v7e-m+fp/hard\libc_nano.a(lib_a-errno.o)
                              ./Core/Src/syscalls.o (__errno)
c:/st/stm32cubeide_1.9.0/stm32cubeide/plugins/com.st.stm32cube.ide.mcu.externaltools.gnu-tools-for-stm32.10.3-2021.10.win32_1.0.0.202111181127/tools/bin/../lib/gcc/arm-none-eabi/10.3.1/../../../../arm-none-eabi/lib/thumb/v7e-m+fp/hard\libc_nano.a(lib_a-exit.o)
                              c:/st/stm32cubeide_1.9.0/stm32cubeide/plugins/com.st.stm32cube.ide.mcu.externaltools.gnu-tools-for-stm32.10.3-2021.10.win32_1.0.0.202111181127/tools/bin/../lib/gcc/arm-none-eabi/10.3.1/../../../../arm-none-eabi/lib/thumb/v7e-m+fp/hard/crt0.o (exit)
c:/st/stm32cubeide_1.9.0/stm32cubeide/plugins/com.st.stm32cube.ide.mcu.externaltools.gnu-tools-for-stm32.10.3-2021.10.win32_1.0.0.202111181127/tools/bin/../lib/gcc/arm-none-eabi/10.3.1/../../../../arm-none-eabi/lib/thumb/v7e-m+fp/hard\libc_nano.a(lib_a-impure.o)
                              c:/st/stm32cubeide_1.9.0/stm32cubeide/plugins/com.st.stm32cube.ide.mcu.externaltools.gnu-tools-for-stm32.10.3-2021.10.win32_1.0.0.202111181127/tools/bin/../lib/gcc/arm-none-eabi/10.3.1/../../../../arm-none-eabi/lib/thumb/v7e-m+fp/hard\libc_nano.a(lib_a-exit.o) (_global_impure_ptr)
c:/st/stm32cubeide_1.9.0/stm32cubeide/plugins/com.st.stm32cube.ide.mcu.externaltools.gnu-tools-for-stm32.10.3-2021.10.win32_1.0.0.202111181127/tools/bin/../lib/gcc/arm-none-eabi/10.3.1/../../../../arm-none-eabi/lib/thumb/v7e-m+fp/hard\libc_nano.a(lib_a-init.o)
                              c:/st/stm32cubeide_1.9.0/stm32cubeide/plugins/com.st.stm32cube.ide.mcu.externaltools.gnu-tools-for-stm32.10.3-2021.10.win32_1.0.0.202111181127/tools/bin/../lib/gcc/arm-none-eabi/10.3.1/../../../../arm-none-eabi/lib/thumb/v7e-m+fp/hard/crt0.o (__libc_init_array)
c:/st/stm32cubeide_1.9.0/stm32cubeide/plugins/com.st.stm32cube.ide.mcu.externaltools.gnu-tools-for-stm32.10.3-2021.10.win32_1.0.0.202111181127/tools/bin/../lib/gcc/arm-none-eabi/10.3.1/../../../../arm-none-eabi/lib/thumb/v7e-m+fp/hard\libc_nano.a(lib_a-memset.o)
                              c:/st/stm32cubeide_1.9.0/stm32cubeide/plugins/com.st.stm32cube.ide.mcu.externaltools.gnu-tools-for-stm32.10.3-2021.10.win32_1.0.0.202111181127/tools/bin/../lib/gcc/arm-none-eabi/10.3.1/../../../../arm-none-eabi/lib/thumb/v7e-m+fp/hard/crt0.o (memset)
c:/st/stm32cubeide_1.9.0/stm32cubeide/plugins/com.st.stm32cube.ide.mcu.externaltools.gnu-tools-for-stm32.10.3-2021.10.win32_1.0.0.202111181127/tools/bin/../lib/gcc/arm-none-eabi/10.3.1/thumb/v7e-m+fp/hard\libgcc.a(_aeabi_uldivmod.o)
                              ./Drivers/STM32F4xx_HAL_Driver/Src/stm32f4xx_hal_rcc.o (__aeabi_uldivmod)
c:/st/stm32cubeide_1.9.0/stm32cubeide/plugins/com.st.stm32cube.ide.mcu.externaltools.gnu-tools-for-stm32.10.3-2021.10.win32_1.0.0.202111181127/tools/bin/../lib/gcc/arm-none-eabi/10.3.1/thumb/v7e-m+fp/hard\libgcc.a(_udivmoddi4.o)
                              c:/st/stm32cubeide_1.9.0/stm32cubeide/plugins/com.st.stm32cube.ide.mcu.externaltools.gnu-tools-for-stm32.10.3-2021.10.win32_1.0.0.202111181127/tools/bin/../lib/gcc/arm-none-eabi/10.3.1/thumb/v7e-m+fp/hard\libgcc.a(_aeabi_uldivmod.o) (__udivmoddi4)
c:/st/stm32cubeide_1.9.0/stm32cubeide/plugins/com.st.stm32cube.ide.mcu.externaltools.gnu-tools-for-stm32.10.3-2021.10.win32_1.0.0.202111181127/tools/bin/../lib/gcc/arm-none-eabi/10.3.1/thumb/v7e-m+fp/hard\libgcc.a(_dvmd_tls.o)
                              c:/st/stm32cubeide_1.9.0/stm32cubeide/plugins/com.st.stm32cube.ide.mcu.externaltools.gnu-tools-for-stm32.10.3-2021.10.win32_1.0.0.202111181127/tools/bin/../lib/gcc/arm-none-eabi/10.3.1/thumb/v7e-m+fp/hard\libgcc.a(_aeabi_uldivmod.o) (__aeabi_ldiv0)

Discarded input sections

 .text          0x0000000000000000        0x0 c:/st/stm32cubeide_1.9.0/stm32cubeide/plugins/com.st.stm32cube.ide.mcu.externaltools.gnu-tools-for-stm32.10.3-2021.10.win32_1.0.0.202111181127/tools/bin/../lib/gcc/arm-none-eabi/10.3.1/thumb/v7e-m+fp/hard/crti.o
 .data          0x0000000000000000        0x0 c:/st/stm32cubeide_1.9.0/stm32cubeide/plugins/com.st.stm32cube.ide.mcu.externaltools.gnu-tools-for-stm32.10.3-2021.10.win32_1.0.0.202111181127/tools/bin/../lib/gcc/arm-none-eabi/10.3.1/thumb/v7e-m+fp/hard/crti.o
 .bss           0x0000000000000000        0x0 c:/st/stm32cubeide_1.9.0/stm32cubeide/plugins/com.st.stm32cube.ide.mcu.externaltools.gnu-tools-for-stm32.10.3-2021.10.win32_1.0.0.202111181127/tools/bin/../lib/gcc/arm-none-eabi/10.3.1/thumb/v7e-m+fp/hard/crti.o
[...]
Memory Configuration

Name             Origin             Length             Attributes
CCMRAM           0x0000000010000000 0x0000000000010000 xrw
RAM              0x0000000020000000 0x0000000000030000 xrw
FLASH            0x0000000008000000 0x0000000000200000 xr
*default*        0x0000000000000000 0xffffffffffffffff

Linker script and memory map

LOAD c:/st/stm32cubeide_1.9.0/stm32cubeide/plugins/com.st.stm32cube.ide.mcu.externaltools.gnu-tools-for-stm32.10.3-2021.10.win32_1.0.0.202111181127/tools/bin/../lib/gcc/arm-none-eabi/10.3.1/thumb/v7e-m+fp/hard/crti.o
LOAD c:/st/stm32cubeide_1.9.0/stm32cubeide/plugins/com.st.stm32cube.ide.mcu.externaltools.gnu-tools-for-stm32.10.3-2021.10.win32_1.0.0.202111181127/tools/bin/../lib/gcc/arm-none-eabi/10.3.1/thumb/v7e-m+fp/hard/crtbegin.o
LOAD c:/st/stm32cubeide_1.9.0/stm32cubeide/plugins/com.st.stm32cube.ide.mcu.externaltools.gnu-tools-for-stm32.10.3-2021.10.win32_1.0.0.202111181127/tools/bin/../lib/gcc/arm-none-eabi/10.3.1/../../../../arm-none-eabi/lib/thumb/v7e-m+fp/hard/crt0.o
LOAD ./Core/Src/asm_func.o
LOAD ./Core/Src/exercises_list.o
LOAD ./Core/Src/main.o
LOAD ./Core/Src/stm32f4xx_hal_msp.o
LOAD ./Core/Src/stm32f4xx_it.o
LOAD ./Core/Src/syscalls.o
LOAD ./Core/Src/sysmem.o
LOAD ./Core/Src/system_stm32f4xx.o
LOAD ./Core/Startup/startup_stm32f429zitx.o
LOAD ./Drivers/STM32F4xx_HAL_Driver/Src/stm32f4xx_hal.o
LOAD ./Drivers/STM32F4xx_HAL_Driver/Src/stm32f4xx_hal_cortex.o
LOAD ./Drivers/STM32F4xx_HAL_Driver/Src/stm32f4xx_hal_dma.o
LOAD ./Drivers/STM32F4xx_HAL_Driver/Src/stm32f4xx_hal_dma_ex.o
LOAD ./Drivers/STM32F4xx_HAL_Driver/Src/stm32f4xx_hal_eth.o
LOAD ./Drivers/STM32F4xx_HAL_Driver/Src/stm32f4xx_hal_exti.o
LOAD ./Drivers/STM32F4xx_HAL_Driver/Src/stm32f4xx_hal_flash.o
LOAD ./Drivers/STM32F4xx_HAL_Driver/Src/stm32f4xx_hal_flash_ex.o
LOAD ./Drivers/STM32F4xx_HAL_Driver/Src/stm32f4xx_hal_flash_ramfunc.o
LOAD ./Drivers/STM32F4xx_HAL_Driver/Src/stm32f4xx_hal_gpio.o
LOAD ./Drivers/STM32F4xx_HAL_Driver/Src/stm32f4xx_hal_pcd.o
LOAD ./Drivers/STM32F4xx_HAL_Driver/Src/stm32f4xx_hal_pcd_ex.o
LOAD ./Drivers/STM32F4xx_HAL_Driver/Src/stm32f4xx_hal_pwr.o
LOAD ./Drivers/STM32F4xx_HAL_Driver/Src/stm32f4xx_hal_pwr_ex.o
LOAD ./Drivers/STM32F4xx_HAL_Driver/Src/stm32f4xx_hal_rcc.o
LOAD ./Drivers/STM32F4xx_HAL_Driver/Src/stm32f4xx_hal_rcc_ex.o
LOAD ./Drivers/STM32F4xx_HAL_Driver/Src/stm32f4xx_hal_tim.o
LOAD ./Drivers/STM32F4xx_HAL_Driver/Src/stm32f4xx_hal_tim_ex.o
LOAD ./Drivers/STM32F4xx_HAL_Driver/Src/stm32f4xx_hal_uart.o
LOAD ./Drivers/STM32F4xx_HAL_Driver/Src/stm32f4xx_ll_usb.o
START GROUP
LOAD c:/st/stm32cubeide_1.9.0/stm32cubeide/plugins/com.st.stm32cube.ide.mcu.externaltools.gnu-tools-for-stm32.10.3-2021.10.win32_1.0.0.202111181127/tools/bin/../lib/gcc/arm-none-eabi/10.3.1/../../../../arm-none-eabi/lib/thumb/v7e-m+fp/hard\libc_nano.a
LOAD c:/st/stm32cubeide_1.9.0/stm32cubeide/plugins/com.st.stm32cube.ide.mcu.externaltools.gnu-tools-for-stm32.10.3-2021.10.win32_1.0.0.202111181127/tools/bin/../lib/gcc/arm-none-eabi/10.3.1/../../../../arm-none-eabi/lib/thumb/v7e-m+fp/hard\libm.a
END GROUP
START GROUP
LOAD c:/st/stm32cubeide_1.9.0/stm32cubeide/plugins/com.st.stm32cube.ide.mcu.externaltools.gnu-tools-for-stm32.10.3-2021.10.win32_1.0.0.202111181127/tools/bin/../lib/gcc/arm-none-eabi/10.3.1/thumb/v7e-m+fp/hard\libgcc.a
LOAD c:/st/stm32cubeide_1.9.0/stm32cubeide/plugins/com.st.stm32cube.ide.mcu.externaltools.gnu-tools-for-stm32.10.3-2021.10.win32_1.0.0.202111181127/tools/bin/../lib/gcc/arm-none-eabi/10.3.1/../../../../arm-none-eabi/lib/thumb/v7e-m+fp/hard\libc_nano.a
END GROUP
START GROUP
LOAD c:/st/stm32cubeide_1.9.0/stm32cubeide/plugins/com.st.stm32cube.ide.mcu.externaltools.gnu-tools-for-stm32.10.3-2021.10.win32_1.0.0.202111181127/tools/bin/../lib/gcc/arm-none-eabi/10.3.1/thumb/v7e-m+fp/hard\libgcc.a
LOAD c:/st/stm32cubeide_1.9.0/stm32cubeide/plugins/com.st.stm32cube.ide.mcu.externaltools.gnu-tools-for-stm32.10.3-2021.10.win32_1.0.0.202111181127/tools/bin/../lib/gcc/arm-none-eabi/10.3.1/../../../../arm-none-eabi/lib/thumb/v7e-m+fp/hard\libc_nano.a
LOAD c:/st/stm32cubeide_1.9.0/stm32cubeide/plugins/com.st.stm32cube.ide.mcu.externaltools.gnu-tools-for-stm32.10.3-2021.10.win32_1.0.0.202111181127/tools/bin/../lib/gcc/arm-none-eabi/10.3.1/../../../../arm-none-eabi/lib/thumb/v7e-m+fp/hard\libnosys.a
END GROUP
START GROUP
LOAD c:/st/stm32cubeide_1.9.0/stm32cubeide/plugins/com.st.stm32cube.ide.mcu.externaltools.gnu-tools-for-stm32.10.3-2021.10.win32_1.0.0.202111181127/tools/bin/../lib/gcc/arm-none-eabi/10.3.1/thumb/v7e-m+fp/hard\libgcc.a
LOAD c:/st/stm32cubeide_1.9.0/stm32cubeide/plugins/com.st.stm32cube.ide.mcu.externaltools.gnu-tools-for-stm32.10.3-2021.10.win32_1.0.0.202111181127/tools/bin/../lib/gcc/arm-none-eabi/10.3.1/../../../../arm-none-eabi/lib/thumb/v7e-m+fp/hard\libc_nano.a
LOAD c:/st/stm32cubeide_1.9.0/stm32cubeide/plugins/com.st.stm32cube.ide.mcu.externaltools.gnu-tools-for-stm32.10.3-2021.10.win32_1.0.0.202111181127/tools/bin/../lib/gcc/arm-none-eabi/10.3.1/../../../../arm-none-eabi/lib/thumb/v7e-m+fp/hard\libnosys.a
END GROUP
LOAD c:/st/stm32cubeide_1.9.0/stm32cubeide/plugins/com.st.stm32cube.ide.mcu.externaltools.gnu-tools-for-stm32.10.3-2021.10.win32_1.0.0.202111181127/tools/bin/../lib/gcc/arm-none-eabi/10.3.1/thumb/v7e-m+fp/hard/crtend.o
LOAD c:/st/stm32cubeide_1.9.0/stm32cubeide/plugins/com.st.stm32cube.ide.mcu.externaltools.gnu-tools-for-stm32.10.3-2021.10.win32_1.0.0.202111181127/tools/bin/../lib/gcc/arm-none-eabi/10.3.1/thumb/v7e-m+fp/hard/crtn.o
                0x0000000020030000                _estack = (ORIGIN (RAM) + LENGTH (RAM))
                0x0000000000000200                _Min_Heap_Size = 0x200
                0x0000000000000400                _Min_Stack_Size = 0x400

.isr_vector     0x0000000008000000      0x1ac
                0x0000000008000000                . = ALIGN (0x4)
 *(.isr_vector)
 .isr_vector    0x0000000008000000      0x1ac ./Core/Startup/startup_stm32f429zitx.o
                0x0000000008000000                g_pfnVectors
                0x00000000080001ac                . = ALIGN (0x4)

.text           0x00000000080001ac     0x3560
                0x00000000080001ac                . = ALIGN (0x4)
 *(.text)
 .text          0x00000000080001ac       0x40 c:/st/stm32cubeide_1.9.0/stm32cubeide/plugins/com.st.stm32cube.ide.mcu.externaltools.gnu-tools-for-stm32.10.3-2021.10.win32_1.0.0.202111181127/tools/bin/../lib/gcc/arm-none-eabi/10.3.1/thumb/v7e-m+fp/hard/crtbegin.o
 .text          0x00000000080001ec      0x166 ./Core/Src/asm_func.o
                0x00000000080001ec                asm_svc
                0x00000000080001f0                asm_sum
                0x00000000080001f4                asm_zeros
                0x0000000008000202                asm_productoEscalar32
                0x0000000008000218                asm_productoEscalar16
                0x000000000800022e                asm_productoEscalar12
                0x0000000008000254                asm_filtroVentana10
                0x00000000080002aa                asm_pack32to16
                0x00000000080002c4                asm_max
                0x00000000080002e6                asm_downsampleM
                0x0000000008000310                asm_invertir
                0x0000000008000344                asm_testvector
 *fill*         0x0000000008000352        0x2 
 .text          0x0000000008000354       0x30 c:/st/stm32cubeide_1.9.0/stm32cubeide/plugins/com.st.stm32cube.ide.mcu.externaltools.gnu-tools-for-stm32.10.3-2021.10.win32_1.0.0.202111181127/tools/bin/../lib/gcc/arm-none-eabi/10.3.1/thumb/v7e-m+fp/hard\libgcc.a(_aeabi_uldivmod.o)
                0x0000000008000354                __aeabi_uldivmod
 .text          0x0000000008000384      0x2d0 c:/st/stm32cubeide_1.9.0/stm32cubeide/plugins/com.st.stm32cube.ide.mcu.externaltools.gnu-tools-for-stm32.10.3-2021.10.win32_1.0.0.202111181127/tools/bin/../lib/gcc/arm-none-eabi/10.3.1/thumb/v7e-m+fp/hard\libgcc.a(_udivmoddi4.o)
                0x0000000008000384                __udivmoddi4
 .text          0x0000000008000654        0x4 c:/st/stm32cubeide_1.9.0/stm32cubeide/plugins/com.st.stm32cube.ide.mcu.externaltools.gnu-tools-for-stm32.10.3-2021.10.win32_1.0.0.202111181127/tools/bin/../lib/gcc/arm-none-eabi/10.3.1/thumb/v7e-m+fp/hard\libgcc.a(_dvmd_tls.o)
                0x0000000008000654                __aeabi_idiv0
                0x0000000008000654                __aeabi_ldiv0
 *(.text*)
 .text.zeros    0x0000000008000658       0x38 ./Core/Src/exercises_list.o
                0x0000000008000658                zeros
 .text.productoEscalar32
                0x0000000008000690       0x4a ./Core/Src/exercises_list.o
                0x0000000008000690                productoEscalar32
 .text.productoEscalar16
                0x00000000080006da       0x4c ./Core/Src/exercises_list.o
                0x00000000080006da                productoEscalar16
 .text.productoEscalar12
                0x0000000008000726       0x66 ./Core/Src/exercises_list.o
                0x0000000008000726                productoEscalar12
 .text.filtroVentana10
                0x000000000800078c       0x8a ./Core/Src/exercises_list.o
                0x000000000800078c                filtroVentana10
 .text.pack32to16
                0x0000000008000816       0x4c ./Core/Src/exercises_list.o
                0x0000000008000816                pack32to16
 .text.max      0x0000000008000862       0x6a ./Core/Src/exercises_list.o
                0x0000000008000862                max
 .text.downsampleM
                0x00000000080008cc       0x7e ./Core/Src/exercises_list.o
                0x00000000080008cc                downsampleM
 .text.invertir
                0x000000000800094a       0x6a ./Core/Src/exercises_list.o
                0x000000000800094a                invertir
 .text.PrivilegiosSVC
                0x00000000080009b4       0x62 ./Core/Src/main.o
 *fill*         0x0000000008000a16        0x2 
 .text.main     0x0000000008000a18      0x14c ./Core/Src/main.o
                0x0000000008000a18                main
 .text.SystemClock_Config
                0x0000000008000b64       0xd4 ./Core/Src/main.o
                0x0000000008000b64                SystemClock_Config
 .text.MX_ETH_Init
                0x0000000008000c38       0x9c ./Core/Src/main.o
 .text.MX_USART3_UART_Init
                0x0000000008000cd4       0x54 ./Core/Src/main.o
 .text.MX_USB_OTG_FS_PCD_Init
                0x0000000008000d28       0x5c ./Core/Src/main.o
 .text.MX_GPIO_Init
                0x0000000008000d84      0x15c ./Core/Src/main.o
 .text.Error_Handler
                0x0000000008000ee0        0xa ./Core/Src/main.o
                0x0000000008000ee0                Error_Handler
 *fill*         0x0000000008000eea        0x2 
 .text.HAL_MspInit
                0x0000000008000eec       0x50 ./Core/Src/stm32f4xx_hal_msp.o
                0x0000000008000eec                HAL_MspInit
 .text.HAL_ETH_MspInit
                0x0000000008000f3c      0x18c ./Core/Src/stm32f4xx_hal_msp.o
                0x0000000008000f3c                HAL_ETH_MspInit
 .text.HAL_UART_MspInit
                0x00000000080010c8       0x90 ./Core/Src/stm32f4xx_hal_msp.o
                0x00000000080010c8                HAL_UART_MspInit
 .text.HAL_PCD_MspInit
                0x0000000008001158       0xb4 ./Core/Src/stm32f4xx_hal_msp.o
                0x0000000008001158                HAL_PCD_MspInit
 .text.NMI_Handler
                0x000000000800120c        0x6 ./Core/Src/stm32f4xx_it.o
                0x000000000800120c                NMI_Handler
 .text.HardFault_Handler
                0x0000000008001212        0x6 ./Core/Src/stm32f4xx_it.o
                0x0000000008001212                HardFault_Handler
 .text.MemManage_Handler
                0x0000000008001218        0x6 ./Core/Src/stm32f4xx_it.o
                0x0000000008001218                MemManage_Handler
 .text.BusFault_Handler
                0x000000000800121e        0x6 ./Core/Src/stm32f4xx_it.o
                0x000000000800121e                BusFault_Handler
 .text.UsageFault_Handler
                0x0000000008001224        0x6 ./Core/Src/stm32f4xx_it.o
                0x0000000008001224                UsageFault_Handler
 .text.SVC_Handler
                0x000000000800122a       0x30 ./Core/Src/stm32f4xx_it.o
                0x000000000800122a                SVC_Handler
 .text.DebugMon_Handler
                0x000000000800125a        0xe ./Core/Src/stm32f4xx_it.o
                0x000000000800125a                DebugMon_Handler
 .text.PendSV_Handler
                0x0000000008001268        0xe ./Core/Src/stm32f4xx_it.o
                0x0000000008001268                PendSV_Handler
 .text.SysTick_Handler
                0x0000000008001276        0xc ./Core/Src/stm32f4xx_it.o
                0x0000000008001276                SysTick_Handler
 *fill*         0x0000000008001282        0x2 
 .text.SystemInit
                0x0000000008001284       0x24 ./Core/Src/system_stm32f4xx.o
                0x0000000008001284                SystemInit
 .text.Reset_Handler
                0x00000000080012a8       0x54 ./Core/Startup/startup_stm32f429zitx.o
                0x00000000080012a8                Reset_Handler
 .text.Default_Handler
                0x00000000080012fc        0x2 ./Core/Startup/startup_stm32f429zitx.o
                0x00000000080012fc                RTC_Alarm_IRQHandler
                0x00000000080012fc                HASH_RNG_IRQHandler
                0x00000000080012fc                EXTI2_IRQHandler
                0x00000000080012fc                TIM8_CC_IRQHandler
                0x00000000080012fc                UART8_IRQHandler
                0x00000000080012fc                SPI4_IRQHandler
                0x00000000080012fc                TIM1_CC_IRQHandler
                0x00000000080012fc                DMA2_Stream5_IRQHandler
                0x00000000080012fc                DMA1_Stream5_IRQHandler
                0x00000000080012fc                PVD_IRQHandler
                0x00000000080012fc                SDIO_IRQHandler
                0x00000000080012fc                TAMP_STAMP_IRQHandler
                0x00000000080012fc                CAN2_RX1_IRQHandler
                0x00000000080012fc                EXTI3_IRQHandler
                0x00000000080012fc                TIM8_TRG_COM_TIM14_IRQHandler
                0x00000000080012fc                TIM1_UP_TIM10_IRQHandler
                0x00000000080012fc                TIM8_UP_TIM13_IRQHandler
                0x00000000080012fc                I2C3_ER_IRQHandler
                0x00000000080012fc                EXTI0_IRQHandler
                0x00000000080012fc                I2C2_EV_IRQHandler
                0x00000000080012fc                DMA1_Stream2_IRQHandler
                0x00000000080012fc                CAN1_RX0_IRQHandler
                0x00000000080012fc                FPU_IRQHandler
                0x00000000080012fc                OTG_HS_WKUP_IRQHandler
                0x00000000080012fc                LTDC_ER_IRQHandler
                0x00000000080012fc                CAN2_SCE_IRQHandler
                0x00000000080012fc                DMA2_Stream2_IRQHandler
                0x00000000080012fc                SPI1_IRQHandler
                0x00000000080012fc                TIM6_DAC_IRQHandler
                0x00000000080012fc                TIM1_BRK_TIM9_IRQHandler
                0x00000000080012fc                DCMI_IRQHandler
                0x00000000080012fc                CAN2_RX0_IRQHandler
                0x00000000080012fc                DMA2_Stream3_IRQHandler
                0x00000000080012fc                USART6_IRQHandler
                0x00000000080012fc                USART3_IRQHandler
                0x00000000080012fc                CAN1_RX1_IRQHandler
                0x00000000080012fc                UART5_IRQHandler
                0x00000000080012fc                DMA2_Stream0_IRQHandler
                0x00000000080012fc                TIM4_IRQHandler
                0x00000000080012fc                I2C1_EV_IRQHandler
                0x00000000080012fc                DMA1_Stream6_IRQHandler
                0x00000000080012fc                DMA1_Stream1_IRQHandler
                0x00000000080012fc                UART4_IRQHandler
                0x00000000080012fc                TIM3_IRQHandler
                0x00000000080012fc                RCC_IRQHandler
                0x00000000080012fc                TIM8_BRK_TIM12_IRQHandler
                0x00000000080012fc                Default_Handler
                0x00000000080012fc                EXTI15_10_IRQHandler
                0x00000000080012fc                ADC_IRQHandler
                0x00000000080012fc                DMA1_Stream7_IRQHandler
                0x00000000080012fc                SPI5_IRQHandler
                0x00000000080012fc                TIM7_IRQHandler
                0x00000000080012fc                CAN2_TX_IRQHandler
                0x00000000080012fc                TIM5_IRQHandler
                0x00000000080012fc                DMA2_Stream7_IRQHandler
                0x00000000080012fc                I2C3_EV_IRQHandler
                0x00000000080012fc                EXTI9_5_IRQHandler
                0x00000000080012fc                RTC_WKUP_IRQHandler
                0x00000000080012fc                LTDC_IRQHandler
                0x00000000080012fc                ETH_WKUP_IRQHandler
                0x00000000080012fc                SPI2_IRQHandler
                0x00000000080012fc                OTG_HS_EP1_IN_IRQHandler
                0x00000000080012fc                DMA1_Stream0_IRQHandler
                0x00000000080012fc                CAN1_TX_IRQHandler
                0x00000000080012fc                EXTI4_IRQHandler
                0x00000000080012fc                ETH_IRQHandler
                0x00000000080012fc                OTG_HS_EP1_OUT_IRQHandler
                0x00000000080012fc                WWDG_IRQHandler
                0x00000000080012fc                SPI6_IRQHandler
                0x00000000080012fc                TIM2_IRQHandler
                0x00000000080012fc                OTG_FS_WKUP_IRQHandler
                0x00000000080012fc                TIM1_TRG_COM_TIM11_IRQHandler
                0x00000000080012fc                OTG_HS_IRQHandler
                0x00000000080012fc                DMA2D_IRQHandler
                0x00000000080012fc                EXTI1_IRQHandler
                0x00000000080012fc                UART7_IRQHandler
                0x00000000080012fc                USART2_IRQHandler
                0x00000000080012fc                I2C2_ER_IRQHandler
                0x00000000080012fc                DMA2_Stream1_IRQHandler
                0x00000000080012fc                CAN1_SCE_IRQHandler
                0x00000000080012fc                FLASH_IRQHandler
                0x00000000080012fc                DMA2_Stream4_IRQHandler
                0x00000000080012fc                USART1_IRQHandler
                0x00000000080012fc                OTG_FS_IRQHandler
                0x00000000080012fc                SPI3_IRQHandler
                0x00000000080012fc                DMA1_Stream4_IRQHandler
                0x00000000080012fc                I2C1_ER_IRQHandler
                0x00000000080012fc                FMC_IRQHandler
                0x00000000080012fc                DMA2_Stream6_IRQHandler
                0x00000000080012fc                SAI1_IRQHandler
                0x00000000080012fc                DMA1_Stream3_IRQHandler
 *fill*         0x00000000080012fe        0x2 
 .text.HAL_Init
                0x0000000008001300       0x44 ./Drivers/STM32F4xx_HAL_Driver/Src/stm32f4xx_hal.o
                0x0000000008001300                HAL_Init
 .text.HAL_InitTick
                0x0000000008001344       0x60 ./Drivers/STM32F4xx_HAL_Driver/Src/stm32f4xx_hal.o
                0x0000000008001344                HAL_InitTick
 .text.HAL_IncTick
                0x00000000080013a4       0x28 ./Drivers/STM32F4xx_HAL_Driver/Src/stm32f4xx_hal.o
                0x00000000080013a4                HAL_IncTick
 .text.HAL_GetTick
                0x00000000080013cc       0x18 ./Drivers/STM32F4xx_HAL_Driver/Src/stm32f4xx_hal.o
                0x00000000080013cc                HAL_GetTick
 .text.HAL_Delay
                0x00000000080013e4       0x48 ./Drivers/STM32F4xx_HAL_Driver/Src/stm32f4xx_hal.o
                0x00000000080013e4                HAL_Delay
 .text.__NVIC_SetPriorityGrouping
                0x000000000800142c       0x48 ./Drivers/STM32F4xx_HAL_Driver/Src/stm32f4xx_hal_cortex.o
 .text.__NVIC_GetPriorityGrouping
                0x0000000008001474       0x1c ./Drivers/STM32F4xx_HAL_Driver/Src/stm32f4xx_hal_cortex.o
 .text.__NVIC_SetPriority
                0x0000000008001490       0x54 ./Drivers/STM32F4xx_HAL_Driver/Src/stm32f4xx_hal_cortex.o
 .text.NVIC_EncodePriority
                0x00000000080014e4       0x66 ./Drivers/STM32F4xx_HAL_Driver/Src/stm32f4xx_hal_cortex.o
 *fill*         0x000000000800154a        0x2 
 .text.SysTick_Config
                0x000000000800154c       0x44 ./Drivers/STM32F4xx_HAL_Driver/Src/stm32f4xx_hal_cortex.o
 .text.HAL_NVIC_SetPriorityGrouping
                0x0000000008001590       0x16 ./Drivers/STM32F4xx_HAL_Driver/Src/stm32f4xx_hal_cortex.o
                0x0000000008001590                HAL_NVIC_SetPriorityGrouping
 .text.HAL_NVIC_SetPriority
                0x00000000080015a6       0x38 ./Drivers/STM32F4xx_HAL_Driver/Src/stm32f4xx_hal_cortex.o
                0x00000000080015a6                HAL_NVIC_SetPriority
 .text.HAL_SYSTICK_Config
                0x00000000080015de       0x18 ./Drivers/STM32F4xx_HAL_Driver/Src/stm32f4xx_hal_cortex.o
                0x00000000080015de                HAL_SYSTICK_Config
 *fill*         0x00000000080015f6        0x2 
 .text.HAL_ETH_Init
                0x00000000080015f8       0xfc ./Drivers/STM32F4xx_HAL_Driver/Src/stm32f4xx_hal_eth.o
                0x00000000080015f8                HAL_ETH_Init
 .text.ETH_SetMACConfig
                0x00000000080016f4      0x138 ./Drivers/STM32F4xx_HAL_Driver/Src/stm32f4xx_hal_eth.o
 .text.ETH_SetDMAConfig
                0x000000000800182c      0x114 ./Drivers/STM32F4xx_HAL_Driver/Src/stm32f4xx_hal_eth.o
 .text.ETH_MACDMAConfig
                0x0000000008001940       0xe4 ./Drivers/STM32F4xx_HAL_Driver/Src/stm32f4xx_hal_eth.o
 .text.ETH_MACAddressConfig
                0x0000000008001a24       0x70 ./Drivers/STM32F4xx_HAL_Driver/Src/stm32f4xx_hal_eth.o
 .text.ETH_DMATxDescListInit
                0x0000000008001a94       0xb2 ./Drivers/STM32F4xx_HAL_Driver/Src/stm32f4xx_hal_eth.o
 .text.ETH_DMARxDescListInit
                0x0000000008001b46       0xda ./Drivers/STM32F4xx_HAL_Driver/Src/stm32f4xx_hal_eth.o
 .text.HAL_GPIO_Init
                0x0000000008001c20      0x358 ./Drivers/STM32F4xx_HAL_Driver/Src/stm32f4xx_hal_gpio.o
                0x0000000008001c20                HAL_GPIO_Init
 .text.HAL_GPIO_WritePin
                0x0000000008001f78       0x32 ./Drivers/STM32F4xx_HAL_Driver/Src/stm32f4xx_hal_gpio.o
                0x0000000008001f78                HAL_GPIO_WritePin
 .text.HAL_PCD_Init
                0x0000000008001faa      0x23a ./Drivers/STM32F4xx_HAL_Driver/Src/stm32f4xx_hal_pcd.o
                0x0000000008001faa                HAL_PCD_Init
 .text.HAL_RCC_OscConfig
                0x00000000080021e4      0x4f0 ./Drivers/STM32F4xx_HAL_Driver/Src/stm32f4xx_hal_rcc.o
                0x00000000080021e4                HAL_RCC_OscConfig
 .text.HAL_RCC_ClockConfig
                0x00000000080026d4      0x1cc ./Drivers/STM32F4xx_HAL_Driver/Src/stm32f4xx_hal_rcc.o
                0x00000000080026d4                HAL_RCC_ClockConfig
 .text.HAL_RCC_GetSysClockFreq
                0x00000000080028a0      0x20c ./Drivers/STM32F4xx_HAL_Driver/Src/stm32f4xx_hal_rcc.o
                0x00000000080028a0                HAL_RCC_GetSysClockFreq
 .text.HAL_RCC_GetHCLKFreq
                0x0000000008002aac       0x18 ./Drivers/STM32F4xx_HAL_Driver/Src/stm32f4xx_hal_rcc.o
                0x0000000008002aac                HAL_RCC_GetHCLKFreq
 .text.HAL_RCC_GetPCLK1Freq
                0x0000000008002ac4       0x28 ./Drivers/STM32F4xx_HAL_Driver/Src/stm32f4xx_hal_rcc.o
                0x0000000008002ac4                HAL_RCC_GetPCLK1Freq
 .text.HAL_RCC_GetPCLK2Freq
                0x0000000008002aec       0x28 ./Drivers/STM32F4xx_HAL_Driver/Src/stm32f4xx_hal_rcc.o
                0x0000000008002aec                HAL_RCC_GetPCLK2Freq
 .text.HAL_UART_Init
                0x0000000008002b14       0x9a ./Drivers/STM32F4xx_HAL_Driver/Src/stm32f4xx_hal_uart.o
                0x0000000008002b14                HAL_UART_Init
 *fill*         0x0000000008002bae        0x2 
 .text.UART_SetConfig
                0x0000000008002bb0      0x4e8 ./Drivers/STM32F4xx_HAL_Driver/Src/stm32f4xx_hal_uart.o
 .text.USB_CoreInit
                0x0000000008003098       0xc2 ./Drivers/STM32F4xx_HAL_Driver/Src/stm32f4xx_ll_usb.o
                0x0000000008003098                USB_CoreInit
 .text.USB_DisableGlobalInt
                0x000000000800315a       0x22 ./Drivers/STM32F4xx_HAL_Driver/Src/stm32f4xx_ll_usb.o
                0x000000000800315a                USB_DisableGlobalInt
 .text.USB_SetCurrentMode
                0x000000000800317c       0x98 ./Drivers/STM32F4xx_HAL_Driver/Src/stm32f4xx_ll_usb.o
                0x000000000800317c                USB_SetCurrentMode
 .text.USB_DevInit
                0x0000000008003214      0x2c8 ./Drivers/STM32F4xx_HAL_Driver/Src/stm32f4xx_ll_usb.o
                0x0000000008003214                USB_DevInit
 .text.USB_FlushTxFifo
                0x00000000080034dc       0x68 ./Drivers/STM32F4xx_HAL_Driver/Src/stm32f4xx_ll_usb.o
                0x00000000080034dc                USB_FlushTxFifo
 .text.USB_FlushRxFifo
                0x0000000008003544       0x60 ./Drivers/STM32F4xx_HAL_Driver/Src/stm32f4xx_ll_usb.o
                0x0000000008003544                USB_FlushRxFifo
 .text.USB_SetDevSpeed
                0x00000000080035a4       0x32 ./Drivers/STM32F4xx_HAL_Driver/Src/stm32f4xx_ll_usb.o
                0x00000000080035a4                USB_SetDevSpeed
 .text.USB_DevDisconnect
                0x00000000080035d6       0x42 ./Drivers/STM32F4xx_HAL_Driver/Src/stm32f4xx_ll_usb.o
                0x00000000080035d6                USB_DevDisconnect
 .text.USB_GetMode
                0x0000000008003618       0x1c ./Drivers/STM32F4xx_HAL_Driver/Src/stm32f4xx_ll_usb.o
                0x0000000008003618                USB_GetMode
 .text.USB_CoreReset
                0x0000000008003634       0x68 ./Drivers/STM32F4xx_HAL_Driver/Src/stm32f4xx_ll_usb.o
 .text.__libc_init_array
                0x000000000800369c       0x48 c:/st/stm32cubeide_1.9.0/stm32cubeide/plugins/com.st.stm32cube.ide.mcu.externaltools.gnu-tools-for-stm32.10.3-2021.10.win32_1.0.0.202111181127/tools/bin/../lib/gcc/arm-none-eabi/10.3.1/../../../../arm-none-eabi/lib/thumb/v7e-m+fp/hard\libc_nano.a(lib_a-init.o)
                0x000000000800369c                __libc_init_array
 .text.memset   0x00000000080036e4       0x10 c:/st/stm32cubeide_1.9.0/stm32cubeide/plugins/com.st.stm32cube.ide.mcu.externaltools.gnu-tools-for-stm32.10.3-2021.10.win32_1.0.0.202111181127/tools/bin/../lib/gcc/arm-none-eabi/10.3.1/../../../../arm-none-eabi/lib/thumb/v7e-m+fp/hard\libc_nano.a(lib_a-memset.o)
                0x00000000080036e4                memset
 *(.glue_7)
 .glue_7        0x00000000080036f4        0x0 linker stubs
 *(.glue_7t)
 .glue_7t       0x00000000080036f4        0x0 linker stubs
 *(.eh_frame)
 .eh_frame      0x00000000080036f4        0x0 c:/st/stm32cubeide_1.9.0/stm32cubeide/plugins/com.st.stm32cube.ide.mcu.externaltools.gnu-tools-for-stm32.10.3-2021.10.win32_1.0.0.202111181127/tools/bin/../lib/gcc/arm-none-eabi/10.3.1/thumb/v7e-m+fp/hard/crtbegin.o
 *(.init)
 .init          0x00000000080036f4        0x4 c:/st/stm32cubeide_1.9.0/stm32cubeide/plugins/com.st.stm32cube.ide.mcu.externaltools.gnu-tools-for-stm32.10.3-2021.10.win32_1.0.0.202111181127/tools/bin/../lib/gcc/arm-none-eabi/10.3.1/thumb/v7e-m+fp/hard/crti.o
                0x00000000080036f4                _init
 .init          0x00000000080036f8        0x8 c:/st/stm32cubeide_1.9.0/stm32cubeide/plugins/com.st.stm32cube.ide.mcu.externaltools.gnu-tools-for-stm32.10.3-2021.10.win32_1.0.0.202111181127/tools/bin/../lib/gcc/arm-none-eabi/10.3.1/thumb/v7e-m+fp/hard/crtn.o
 *(.fini)
 .fini          0x0000000008003700        0x4 c:/st/stm32cubeide_1.9.0/stm32cubeide/plugins/com.st.stm32cube.ide.mcu.externaltools.gnu-tools-for-stm32.10.3-2021.10.win32_1.0.0.202111181127/tools/bin/../lib/gcc/arm-none-eabi/10.3.1/thumb/v7e-m+fp/hard/crti.o
                0x0000000008003700                _fini
 .fini          0x0000000008003704        0x8 c:/st/stm32cubeide_1.9.0/stm32cubeide/plugins/com.st.stm32cube.ide.mcu.externaltools.gnu-tools-for-stm32.10.3-2021.10.win32_1.0.0.202111181127/tools/bin/../lib/gcc/arm-none-eabi/10.3.1/thumb/v7e-m+fp/hard/crtn.o
                0x000000000800370c                . = ALIGN (0x4)
                0x000000000800370c                _etext = .

.vfp11_veneer   0x000000000800370c        0x0
 .vfp11_veneer  0x000000000800370c        0x0 linker stubs

.v4_bx          0x000000000800370c        0x0
 .v4_bx         0x000000000800370c        0x0 linker stubs

.iplt           0x000000000800370c        0x0
 .iplt          0x000000000800370c        0x0 c:/st/stm32cubeide_1.9.0/stm32cubeide/plugins/com.st.stm32cube.ide.mcu.externaltools.gnu-tools-for-stm32.10.3-2021.10.win32_1.0.0.202111181127/tools/bin/../lib/gcc/arm-none-eabi/10.3.1/thumb/v7e-m+fp/hard/crtbegin.o

.rodata         0x000000000800370c       0x18
                0x000000000800370c                . = ALIGN (0x4)
 *(.rodata)
 *(.rodata*)
 .rodata.AHBPrescTable
                0x000000000800370c       0x10 ./Core/Src/system_stm32f4xx.o
                0x000000000800370c                AHBPrescTable
 .rodata.APBPrescTable
                0x000000000800371c        0x8 ./Core/Src/system_stm32f4xx.o
                0x000000000800371c                APBPrescTable
                0x0000000008003724                . = ALIGN (0x4)

.ARM.extab      0x0000000008003724        0x0
                0x0000000008003724                . = ALIGN (0x4)
 *(.ARM.extab* .gnu.linkonce.armextab.*)
                0x0000000008003724                . = ALIGN (0x4)

.ARM            0x0000000008003724        0x8
                0x0000000008003724                . = ALIGN (0x4)
                0x0000000008003724                __exidx_start = .
 *(.ARM.exidx*)
 .ARM.exidx     0x0000000008003724        0x8 c:/st/stm32cubeide_1.9.0/stm32cubeide/plugins/com.st.stm32cube.ide.mcu.externaltools.gnu-tools-for-stm32.10.3-2021.10.win32_1.0.0.202111181127/tools/bin/../lib/gcc/arm-none-eabi/10.3.1/thumb/v7e-m+fp/hard\libgcc.a(_udivmoddi4.o)
                0x000000000800372c                __exidx_end = .
                0x000000000800372c                . = ALIGN (0x4)

.rel.dyn        0x000000000800372c        0x0
 .rel.iplt      0x000000000800372c        0x0 c:/st/stm32cubeide_1.9.0/stm32cubeide/plugins/com.st.stm32cube.ide.mcu.externaltools.gnu-tools-for-stm32.10.3-2021.10.win32_1.0.0.202111181127/tools/bin/../lib/gcc/arm-none-eabi/10.3.1/thumb/v7e-m+fp/hard/crtbegin.o

.preinit_array  0x000000000800372c        0x0
                0x000000000800372c                . = ALIGN (0x4)
                0x000000000800372c                PROVIDE (__preinit_array_start = .)
 *(.preinit_array*)
                0x000000000800372c                PROVIDE (__preinit_array_end = .)
                0x000000000800372c                . = ALIGN (0x4)

.init_array     0x000000000800372c        0x4
                0x000000000800372c                . = ALIGN (0x4)
                0x000000000800372c                PROVIDE (__init_array_start = .)
 *(SORT_BY_NAME(.init_array.*))
 *(.init_array*)
 .init_array    0x000000000800372c        0x4 c:/st/stm32cubeide_1.9.0/stm32cubeide/plugins/com.st.stm32cube.ide.mcu.externaltools.gnu-tools-for-stm32.10.3-2021.10.win32_1.0.0.202111181127/tools/bin/../lib/gcc/arm-none-eabi/10.3.1/thumb/v7e-m+fp/hard/crtbegin.o
                0x0000000008003730                PROVIDE (__init_array_end = .)
                0x0000000008003730                . = ALIGN (0x4)

.fini_array     0x0000000008003730        0x4
                0x0000000008003730                . = ALIGN (0x4)
                [!provide]                        PROVIDE (__fini_array_start = .)
 *(SORT_BY_NAME(.fini_array.*))
 *(.fini_array*)
 .fini_array    0x0000000008003730        0x4 c:/st/stm32cubeide_1.9.0/stm32cubeide/plugins/com.st.stm32cube.ide.mcu.externaltools.gnu-tools-for-stm32.10.3-2021.10.win32_1.0.0.202111181127/tools/bin/../lib/gcc/arm-none-eabi/10.3.1/thumb/v7e-m+fp/hard/crtbegin.o
                [!provide]                        PROVIDE (__fini_array_end = .)
                0x0000000008003734                . = ALIGN (0x4)
                0x0000000008003734                _sidata = LOADADDR (.data)

.data           0x0000000020000000      0x2dc load address 0x0000000008003734
                0x0000000020000000                . = ALIGN (0x4)
                0x0000000020000000                _sdata = .
 *(.data)
 *(.data*)
 .data.vectorIN_zeros_32bit
                0x0000000020000000       0x14 ./Core/Src/main.o
                0x0000000020000000                vectorIN_zeros_32bit
 .data.vectorIN_32b
                0x0000000020000014       0x14 ./Core/Src/main.o
                0x0000000020000014                vectorIN_32b
 .data.vectorIN_16b
                0x0000000020000028        0xa ./Core/Src/main.o
                0x0000000020000028                vectorIN_16b
 *fill*         0x0000000020000032        0x2 
 .data.vectorIN_12b
                0x0000000020000034        0xa ./Core/Src/main.o
                0x0000000020000034                vectorIN_12b
 *fill*         0x000000002000003e        0x2 
 .data.vectorIN_P05
                0x0000000020000040       0xd6 ./Core/Src/main.o
                0x0000000020000040                vectorIN_P05
 *fill*         0x0000000020000116        0x2 
 .data.ASMvectorIN_P05
                0x0000000020000118       0x5e ./Core/Src/main.o
                0x0000000020000118                ASMvectorIN_P05
 *fill*         0x0000000020000176        0x2 
 .data.vectorIN_P06
                0x0000000020000178       0x28 ./Core/Src/main.o
                0x0000000020000178                vectorIN_P06
 .data.ASMvectorIN_P06
                0x00000000200001a0       0x28 ./Core/Src/main.o
                0x00000000200001a0                ASMvectorIN_P06
 .data.vectorIN_P07
                0x00000000200001c8       0x28 ./Core/Src/main.o
                0x00000000200001c8                vectorIN_P07
 .data.ASMvectorIN_P07
                0x00000000200001f0       0x28 ./Core/Src/main.o
                0x00000000200001f0                ASMvectorIN_P07
 .data.vectorIN_P08
                0x0000000020000218       0x54 ./Core/Src/main.o
                0x0000000020000218                vectorIN_P08
 .data.ASMvectorIN_P08
                0x000000002000026c       0x54 ./Core/Src/main.o
                0x000000002000026c                ASMvectorIN_P08
 .data.vectorIN_P09
                0x00000000200002c0        0xe ./Core/Src/main.o
                0x00000000200002c0                vectorIN_P09
 *fill*         0x00000000200002ce        0x2 
 .data.SystemCoreClock
                0x00000000200002d0        0x4 ./Core/Src/system_stm32f4xx.o
                0x00000000200002d0                SystemCoreClock
 .data.uwTickPrio
                0x00000000200002d4        0x4 ./Drivers/STM32F4xx_HAL_Driver/Src/stm32f4xx_hal.o
                0x00000000200002d4                uwTickPrio
 .data.uwTickFreq
                0x00000000200002d8        0x1 ./Drivers/STM32F4xx_HAL_Driver/Src/stm32f4xx_hal.o
                0x00000000200002d8                uwTickFreq
 *(.RamFunc)
 *(.RamFunc*)
                0x00000000200002dc                . = ALIGN (0x4)
 *fill*         0x00000000200002d9        0x3 
                0x00000000200002dc                _edata = .
                0x0000000008003a10                _siccmram = LOADADDR (.ccmram)

.igot.plt       0x00000000200002dc        0x0 load address 0x0000000008003a10
 .igot.plt      0x00000000200002dc        0x0 c:/st/stm32cubeide_1.9.0/stm32cubeide/plugins/com.st.stm32cube.ide.mcu.externaltools.gnu-tools-for-stm32.10.3-2021.10.win32_1.0.0.202111181127/tools/bin/../lib/gcc/arm-none-eabi/10.3.1/thumb/v7e-m+fp/hard/crtbegin.o

.ccmram         0x0000000010000000        0x0 load address 0x0000000008003a10
                0x0000000010000000                . = ALIGN (0x4)
                0x0000000010000000                _sccmram = .
 *(.ccmram)
 *(.ccmram*)
                0x0000000010000000                . = ALIGN (0x4)
                0x0000000010000000                _eccmram = .
                0x0000000010000000                . = ALIGN (0x4)

.bss            0x00000000200002dc      0x9d4
                0x00000000200002dc                _sbss = .
                0x00000000200002dc                __bss_start__ = _sbss
 *(.bss)
 .bss           0x00000000200002dc       0x1c c:/st/stm32cubeide_1.9.0/stm32cubeide/plugins/com.st.stm32cube.ide.mcu.externaltools.gnu-tools-for-stm32.10.3-2021.10.win32_1.0.0.202111181127/tools/bin/../lib/gcc/arm-none-eabi/10.3.1/thumb/v7e-m+fp/hard/crtbegin.o
 *(.bss*)
 .bss.vectorOUT_32b
                0x00000000200002f8       0x14 ./Core/Src/main.o
                0x00000000200002f8                vectorOUT_32b
 .bss.vectorOUT_16b
                0x000000002000030c        0xa ./Core/Src/main.o
                0x000000002000030c                vectorOUT_16b
 *fill*         0x0000000020000316        0x2 
 .bss.vectorOUT_12b
                0x0000000020000318        0xa ./Core/Src/main.o
                0x0000000020000318                vectorOUT_12b
 *fill*         0x0000000020000322        0x2 
 .bss.vectorOUT_P05
                0x0000000020000324       0xd6 ./Core/Src/main.o
                0x0000000020000324                vectorOUT_P05
 *fill*         0x00000000200003fa        0x2 
 .bss.ASMvectorOUT_P05
                0x00000000200003fc       0x5e ./Core/Src/main.o
                0x00000000200003fc                ASMvectorOUT_P05
 *fill*         0x000000002000045a        0x2 
 .bss.vectorOUT_P06
                0x000000002000045c       0x14 ./Core/Src/main.o
                0x000000002000045c                vectorOUT_P06
 .bss.ASMvectorOUT_P06
                0x0000000020000470       0x14 ./Core/Src/main.o
                0x0000000020000470                ASMvectorOUT_P06
 .bss.vectorOUT_P08
                0x0000000020000484       0x54 ./Core/Src/main.o
                0x0000000020000484                vectorOUT_P08
 .bss.ASMvectorOUT_P08
                0x00000000200004d8       0x54 ./Core/Src/main.o
                0x00000000200004d8                ASMvectorOUT_P08
 .bss.TxConfig  0x000000002000052c       0x38 ./Core/Src/main.o
                0x000000002000052c                TxConfig
 .bss.DMARxDscrTab
                0x0000000020000564       0xa0 ./Core/Src/main.o
                0x0000000020000564                DMARxDscrTab
 .bss.DMATxDscrTab
                0x0000000020000604       0xa0 ./Core/Src/main.o
                0x0000000020000604                DMATxDscrTab
 .bss.heth      0x00000000200006a4       0xb0 ./Core/Src/main.o
                0x00000000200006a4                heth
 .bss.huart3    0x0000000020000754       0x44 ./Core/Src/main.o
                0x0000000020000754                huart3
 .bss.hpcd_USB_OTG_FS
                0x0000000020000798      0x50c ./Core/Src/main.o
                0x0000000020000798                hpcd_USB_OTG_FS
 .bss.MACAddr.0
                0x0000000020000ca4        0x6 ./Core/Src/main.o
 *fill*         0x0000000020000caa        0x2 
 .bss.uwTick    0x0000000020000cac        0x4 ./Drivers/STM32F4xx_HAL_Driver/Src/stm32f4xx_hal.o
                0x0000000020000cac                uwTick
 *(COMMON)
                0x0000000020000cb0                . = ALIGN (0x4)
                0x0000000020000cb0                _ebss = .
                0x0000000020000cb0                __bss_end__ = _ebss

._user_heap_stack
                0x0000000020000cb0      0x600
                0x0000000020000cb0                . = ALIGN (0x8)
                [!provide]                        PROVIDE (end = .)
                0x0000000020000cb0                PROVIDE (_end = .)
                0x0000000020000eb0                . = (. + _Min_Heap_Size)
 *fill*         0x0000000020000cb0      0x200 
                0x00000000200012b0                . = (. + _Min_Stack_Size)
 *fill*         0x0000000020000eb0      0x400 
                0x00000000200012b0                . = ALIGN (0x8)

/DISCARD/
 libc.a(*)
 libm.a(*)
 libgcc.a(*)

.ARM.attributes
                0x0000000000000000       0x30
 *(.ARM.attributes)
 .ARM.attributes
                0x0000000000000000       0x1e c:/st/stm32cubeide_1.9.0/stm32cubeide/plugins/com.st.stm32cube.ide.mcu.externaltools.gnu-tools-for-stm32.10.3-2021.10.win32_1.0.0.202111181127/tools/bin/../lib/gcc/arm-none-eabi/10.3.1/thumb/v7e-m+fp/hard/crti.o
 .ARM.attributes
                0x000000000000001e       0x34 c:/st/stm32cubeide_1.9.0/stm32cubeide/plugins/com.st.stm32cube.ide.mcu.externaltools.gnu-tools-for-stm32.10.3-2021.10.win32_1.0.0.202111181127/tools/bin/../lib/gcc/arm-none-eabi/10.3.1/thumb/v7e-m+fp/hard/crtbegin.o
 .ARM.attributes
                0x0000000000000052       0x20 ./Core/Src/asm_func.o
 .ARM.attributes
                0x0000000000000072       0x34 ./Core/Src/exercises_list.o
 .ARM.attributes
                0x00000000000000a6       0x34 ./Core/Src/main.o
 .ARM.attributes
                0x00000000000000da       0x34 ./Core/Src/stm32f4xx_hal_msp.o
 .ARM.attributes
                0x000000000000010e       0x34 ./Core/Src/stm32f4xx_it.o
 .ARM.attributes
                0x0000000000000142       0x34 ./Core/Src/system_stm32f4xx.o
 .ARM.attributes
                0x0000000000000176       0x21 ./Core/Startup/startup_stm32f429zitx.o
 .ARM.attributes
                0x0000000000000197       0x34 ./Drivers/STM32F4xx_HAL_Driver/Src/stm32f4xx_hal.o
 .ARM.attributes
                0x00000000000001cb       0x34 ./Drivers/STM32F4xx_HAL_Driver/Src/stm32f4xx_hal_cortex.o
 .ARM.attributes
                0x00000000000001ff       0x34 ./Drivers/STM32F4xx_HAL_Driver/Src/stm32f4xx_hal_eth.o
 .ARM.attributes
                0x0000000000000233       0x34 ./Drivers/STM32F4xx_HAL_Driver/Src/stm32f4xx_hal_gpio.o
 .ARM.attributes
                0x0000000000000267       0x34 ./Drivers/STM32F4xx_HAL_Driver/Src/stm32f4xx_hal_pcd.o
 .ARM.attributes
                0x000000000000029b       0x34 ./Drivers/STM32F4xx_HAL_Driver/Src/stm32f4xx_hal_rcc.o
 .ARM.attributes
                0x00000000000002cf       0x34 ./Drivers/STM32F4xx_HAL_Driver/Src/stm32f4xx_hal_uart.o
 .ARM.attributes
                0x0000000000000303       0x34 ./Drivers/STM32F4xx_HAL_Driver/Src/stm32f4xx_ll_usb.o
 .ARM.attributes
                0x0000000000000337       0x34 c:/st/stm32cubeide_1.9.0/stm32cubeide/plugins/com.st.stm32cube.ide.mcu.externaltools.gnu-tools-for-stm32.10.3-2021.10.win32_1.0.0.202111181127/tools/bin/../lib/gcc/arm-none-eabi/10.3.1/../../../../arm-none-eabi/lib/thumb/v7e-m+fp/hard\libc_nano.a(lib_a-init.o)
 .ARM.attributes
                0x000000000000036b       0x34 c:/st/stm32cubeide_1.9.0/stm32cubeide/plugins/com.st.stm32cube.ide.mcu.externaltools.gnu-tools-for-stm32.10.3-2021.10.win32_1.0.0.202111181127/tools/bin/../lib/gcc/arm-none-eabi/10.3.1/../../../../arm-none-eabi/lib/thumb/v7e-m+fp/hard\libc_nano.a(lib_a-memset.o)
 .ARM.attributes
                0x000000000000039f       0x1e c:/st/stm32cubeide_1.9.0/stm32cubeide/plugins/com.st.stm32cube.ide.mcu.externaltools.gnu-tools-for-stm32.10.3-2021.10.win32_1.0.0.202111181127/tools/bin/../lib/gcc/arm-none-eabi/10.3.1/thumb/v7e-m+fp/hard\libgcc.a(_aeabi_uldivmod.o)
 .ARM.attributes
                0x00000000000003bd       0x34 c:/st/stm32cubeide_1.9.0/stm32cubeide/plugins/com.st.stm32cube.ide.mcu.externaltools.gnu-tools-for-stm32.10.3-2021.10.win32_1.0.0.202111181127/tools/bin/../lib/gcc/arm-none-eabi/10.3.1/thumb/v7e-m+fp/hard\libgcc.a(_udivmoddi4.o)
 .ARM.attributes
                0x00000000000003f1       0x1e c:/st/stm32cubeide_1.9.0/stm32cubeide/plugins/com.st.stm32cube.ide.mcu.externaltools.gnu-tools-for-stm32.10.3-2021.10.win32_1.0.0.202111181127/tools/bin/../lib/gcc/arm-none-eabi/10.3.1/thumb/v7e-m+fp/hard\libgcc.a(_dvmd_tls.o)
 .ARM.attributes
                0x000000000000040f       0x1e c:/st/stm32cubeide_1.9.0/stm32cubeide/plugins/com.st.stm32cube.ide.mcu.externaltools.gnu-tools-for-stm32.10.3-2021.10.win32_1.0.0.202111181127/tools/bin/../lib/gcc/arm-none-eabi/10.3.1/thumb/v7e-m+fp/hard/crtn.o
OUTPUT(Clase_06_adm_c16.elf elf32-littlearm)
LOAD linker stubs
LOAD c:/st/stm32cubeide_1.9.0/stm32cubeide/plugins/com.st.stm32cube.ide.mcu.externaltools.gnu-tools-for-stm32.10.3-2021.10.win32_1.0.0.202111181127/tools/bin/../lib/gcc/arm-none-eabi/10.3.1/../../../../arm-none-eabi/lib/thumb/v7e-m+fp/hard\libc.a
LOAD c:/st/stm32cubeide_1.9.0/stm32cubeide/plugins/com.st.stm32cube.ide.mcu.externaltools.gnu-tools-for-stm32.10.3-2021.10.win32_1.0.0.202111181127/tools/bin/../lib/gcc/arm-none-eabi/10.3.1/../../../../arm-none-eabi/lib/thumb/v7e-m+fp/hard\libm.a
LOAD c:/st/stm32cubeide_1.9.0/stm32cubeide/plugins/com.st.stm32cube.ide.mcu.externaltools.gnu-tools-for-stm32.10.3-2021.10.win32_1.0.0.202111181127/tools/bin/../lib/gcc/arm-none-eabi/10.3.1/thumb/v7e-m+fp/hard\libgcc.a

.debug_line     0x0000000000000000     0xca05
 .debug_line    0x0000000000000000       0xd5 ./Core/Src/asm_func.o
 .debug_line    0x00000000000000d5      0x5f5 ./Core/Src/exercises_list.o
 .debug_line    0x00000000000006ca      0xa8e ./Core/Src/main.o
 .debug_line    0x0000000000001158      0x828 ./Core/Src/stm32f4xx_hal_msp.o
 .debug_line    0x0000000000001980      0x7db ./Core/Src/stm32f4xx_it.o
 .debug_line    0x000000000000215b      0x766 ./Core/Src/system_stm32f4xx.o
 .debug_line    0x00000000000028c1       0x8a ./Core/Startup/startup_stm32f429zitx.o
 .debug_line    0x000000000000294b      0xa02 ./Drivers/STM32F4xx_HAL_Driver/Src/stm32f4xx_hal.o
 .debug_line    0x000000000000334d      0xc7b ./Drivers/STM32F4xx_HAL_Driver/Src/stm32f4xx_hal_cortex.o
 .debug_line    0x0000000000003fc8     0x1824 ./Drivers/STM32F4xx_HAL_Driver/Src/stm32f4xx_hal_eth.o
 .debug_line    0x00000000000057ec      0xb68 ./Drivers/STM32F4xx_HAL_Driver/Src/stm32f4xx_hal_gpio.o
 .debug_line    0x0000000000006354     0x146f ./Drivers/STM32F4xx_HAL_Driver/Src/stm32f4xx_hal_pcd.o
 .debug_line    0x00000000000077c3      0xd48 ./Drivers/STM32F4xx_HAL_Driver/Src/stm32f4xx_hal_rcc.o
 .debug_line    0x000000000000850b     0x2a71 ./Drivers/STM32F4xx_HAL_Driver/Src/stm32f4xx_hal_uart.o
 .debug_line    0x000000000000af7c     0x1a89 ./Drivers/STM32F4xx_HAL_Driver/Src/stm32f4xx_ll_usb.o

.debug_info     0x0000000000000000     0xf376
 .debug_info    0x0000000000000000       0x26 ./Core/Src/asm_func.o
 .debug_info    0x0000000000000026      0x489 ./Core/Src/exercises_list.o
 .debug_info    0x00000000000004af     0x2173 ./Core/Src/main.o
 .debug_info    0x0000000000002622     0x1840 ./Core/Src/stm32f4xx_hal_msp.o
 .debug_info    0x0000000000003e62      0x1b5 ./Core/Src/stm32f4xx_it.o
 .debug_info    0x0000000000004017      0x53f ./Core/Src/system_stm32f4xx.o
 .debug_info    0x0000000000004556       0x22 ./Core/Startup/startup_stm32f429zitx.o
 .debug_info    0x0000000000004578      0x9f4 ./Drivers/STM32F4xx_HAL_Driver/Src/stm32f4xx_hal.o
 .debug_info    0x0000000000004f6c      0xe51 ./Drivers/STM32F4xx_HAL_Driver/Src/stm32f4xx_hal_cortex.o
 .debug_info    0x0000000000005dbd     0x21c9 ./Drivers/STM32F4xx_HAL_Driver/Src/stm32f4xx_hal_eth.o
 .debug_info    0x0000000000007f86      0x786 ./Drivers/STM32F4xx_HAL_Driver/Src/stm32f4xx_hal_gpio.o
 .debug_info    0x000000000000870c     0x1695 ./Drivers/STM32F4xx_HAL_Driver/Src/stm32f4xx_hal_pcd.o
 .debug_info    0x0000000000009da1      0x982 ./Drivers/STM32F4xx_HAL_Driver/Src/stm32f4xx_hal_rcc.o
 .debug_info    0x000000000000a723     0x31bc ./Drivers/STM32F4xx_HAL_Driver/Src/stm32f4xx_hal_uart.o
 .debug_info    0x000000000000d8df     0x1a97 ./Drivers/STM32F4xx_HAL_Driver/Src/stm32f4xx_ll_usb.o

.debug_abbrev   0x0000000000000000     0x1dce
 .debug_abbrev  0x0000000000000000       0x14 ./Core/Src/asm_func.o
 .debug_abbrev  0x0000000000000014       0xe6 ./Core/Src/exercises_list.o
 .debug_abbrev  0x00000000000000fa      0x39b ./Core/Src/main.o
 .debug_abbrev  0x0000000000000495      0x23e ./Core/Src/stm32f4xx_hal_msp.o
 .debug_abbrev  0x00000000000006d3      0x12a ./Core/Src/stm32f4xx_it.o
 .debug_abbrev  0x00000000000007fd      0x116 ./Core/Src/system_stm32f4xx.o
 .debug_abbrev  0x0000000000000913       0x12 ./Core/Startup/startup_stm32f429zitx.o
 .debug_abbrev  0x0000000000000925      0x20d ./Drivers/STM32F4xx_HAL_Driver/Src/stm32f4xx_hal.o
 .debug_abbrev  0x0000000000000b32      0x316 ./Drivers/STM32F4xx_HAL_Driver/Src/stm32f4xx_hal_cortex.o
 .debug_abbrev  0x0000000000000e48      0x2d3 ./Drivers/STM32F4xx_HAL_Driver/Src/stm32f4xx_hal_eth.o
 .debug_abbrev  0x000000000000111b      0x1c4 ./Drivers/STM32F4xx_HAL_Driver/Src/stm32f4xx_hal_gpio.o
 .debug_abbrev  0x00000000000012df      0x2bb ./Drivers/STM32F4xx_HAL_Driver/Src/stm32f4xx_hal_pcd.o
 .debug_abbrev  0x000000000000159a      0x2aa ./Drivers/STM32F4xx_HAL_Driver/Src/stm32f4xx_hal_rcc.o
 .debug_abbrev  0x0000000000001844      0x2f4 ./Drivers/STM32F4xx_HAL_Driver/Src/stm32f4xx_hal_uart.o
 .debug_abbrev  0x0000000000001b38      0x296 ./Drivers/STM32F4xx_HAL_Driver/Src/stm32f4xx_ll_usb.o

.debug_aranges  0x0000000000000000      0xb98
 .debug_aranges
                0x0000000000000000       0x20 ./Core/Src/asm_func.o
 .debug_aranges
                0x0000000000000020       0x60 ./Core/Src/exercises_list.o
 .debug_aranges
                0x0000000000000080       0x58 ./Core/Src/main.o
 .debug_aranges
                0x00000000000000d8       0x50 ./Core/Src/stm32f4xx_hal_msp.o
 .debug_aranges
                0x0000000000000128       0x60 ./Core/Src/stm32f4xx_it.o
 .debug_aranges
                0x0000000000000188       0x28 ./Core/Src/system_stm32f4xx.o
 .debug_aranges
                0x00000000000001b0       0x28 ./Core/Startup/startup_stm32f429zitx.o
 .debug_aranges
                0x00000000000001d8      0x100 ./Drivers/STM32F4xx_HAL_Driver/Src/stm32f4xx_hal.o
 .debug_aranges
                0x00000000000002d8      0x118 ./Drivers/STM32F4xx_HAL_Driver/Src/stm32f4xx_hal_cortex.o
 .debug_aranges
                0x00000000000003f0      0x1e0 ./Drivers/STM32F4xx_HAL_Driver/Src/stm32f4xx_hal_eth.o
 .debug_aranges
                0x00000000000005d0       0x58 ./Drivers/STM32F4xx_HAL_Driver/Src/stm32f4xx_hal_gpio.o
 .debug_aranges
                0x0000000000000628      0x148 ./Drivers/STM32F4xx_HAL_Driver/Src/stm32f4xx_hal_pcd.o
 .debug_aranges
                0x0000000000000770       0x88 ./Drivers/STM32F4xx_HAL_Driver/Src/stm32f4xx_hal_rcc.o
 .debug_aranges
                0x00000000000007f8      0x200 ./Drivers/STM32F4xx_HAL_Driver/Src/stm32f4xx_hal_uart.o
 .debug_aranges
                0x00000000000009f8      0x1a0 ./Drivers/STM32F4xx_HAL_Driver/Src/stm32f4xx_ll_usb.o

.debug_str      0x0000000000000000    0xd9d40
 .debug_str     0x0000000000000000       0x70 ./Core/Src/asm_func.o
 .debug_str     0x0000000000000070     0x3b43 ./Core/Src/exercises_list.o
                                       0x3d84 (size before relaxing)
 .debug_str     0x0000000000003bb3    0xd27a5 ./Core/Src/main.o
                                      0xd66c9 (size before relaxing)
 .debug_str     0x00000000000d6358       0xaf ./Core/Src/stm32f4xx_hal_msp.o
                                      0xd32a4 (size before relaxing)
 .debug_str     0x00000000000d6407       0xc9 ./Core/Src/stm32f4xx_it.o
                                      0xd2495 (size before relaxing)
 .debug_str     0x00000000000d64d0       0xdb ./Core/Src/system_stm32f4xx.o
                                      0xd20bb (size before relaxing)
 .debug_str     0x00000000000d65ab       0x28 ./Core/Startup/startup_stm32f429zitx.o
                                         0x81 (size before relaxing)
 .debug_str     0x00000000000d65d3      0xbb0 ./Drivers/STM32F4xx_HAL_Driver/Src/stm32f4xx_hal.o
                                      0xd2cde (size before relaxing)
 .debug_str     0x00000000000d7183      0x33e ./Drivers/STM32F4xx_HAL_Driver/Src/stm32f4xx_hal_cortex.o
                                      0xd29c3 (size before relaxing)
 .debug_str     0x00000000000d74c1     0x1306 ./Drivers/STM32F4xx_HAL_Driver/Src/stm32f4xx_hal_eth.o
                                      0xd3a64 (size before relaxing)
 .debug_str     0x00000000000d87c7       0xe1 ./Drivers/STM32F4xx_HAL_Driver/Src/stm32f4xx_hal_gpio.o
                                      0xd2236 (size before relaxing)
 .debug_str     0x00000000000d88a8      0x7fd ./Drivers/STM32F4xx_HAL_Driver/Src/stm32f4xx_hal_pcd.o
                                      0xd2b6a (size before relaxing)
 .debug_str     0x00000000000d90a5      0x21f ./Drivers/STM32F4xx_HAL_Driver/Src/stm32f4xx_hal_rcc.o
                                      0xd24ef (size before relaxing)
 .debug_str     0x00000000000d92c4      0x63d ./Drivers/STM32F4xx_HAL_Driver/Src/stm32f4xx_hal_uart.o
                                      0xd2a7b (size before relaxing)
 .debug_str     0x00000000000d9901      0x43f ./Drivers/STM32F4xx_HAL_Driver/Src/stm32f4xx_ll_usb.o
                                      0xd29d2 (size before relaxing)

.debug_ranges   0x0000000000000000      0xad0
 .debug_ranges  0x0000000000000000       0x50 ./Core/Src/exercises_list.o
 .debug_ranges  0x0000000000000050       0x48 ./Core/Src/main.o
 .debug_ranges  0x0000000000000098       0x40 ./Core/Src/stm32f4xx_hal_msp.o
 .debug_ranges  0x00000000000000d8       0x50 ./Core/Src/stm32f4xx_it.o
 .debug_ranges  0x0000000000000128       0x18 ./Core/Src/system_stm32f4xx.o
 .debug_ranges  0x0000000000000140       0x20 ./Core/Startup/startup_stm32f429zitx.o
 .debug_ranges  0x0000000000000160       0xf0 ./Drivers/STM32F4xx_HAL_Driver/Src/stm32f4xx_hal.o
 .debug_ranges  0x0000000000000250      0x108 ./Drivers/STM32F4xx_HAL_Driver/Src/stm32f4xx_hal_cortex.o
 .debug_ranges  0x0000000000000358      0x1d0 ./Drivers/STM32F4xx_HAL_Driver/Src/stm32f4xx_hal_eth.o
 .debug_ranges  0x0000000000000528       0x48 ./Drivers/STM32F4xx_HAL_Driver/Src/stm32f4xx_hal_gpio.o
 .debug_ranges  0x0000000000000570      0x138 ./Drivers/STM32F4xx_HAL_Driver/Src/stm32f4xx_hal_pcd.o
 .debug_ranges  0x00000000000006a8       0x78 ./Drivers/STM32F4xx_HAL_Driver/Src/stm32f4xx_hal_rcc.o
 .debug_ranges  0x0000000000000720      0x220 ./Drivers/STM32F4xx_HAL_Driver/Src/stm32f4xx_hal_uart.o
 .debug_ranges  0x0000000000000940      0x190 ./Drivers/STM32F4xx_HAL_Driver/Src/stm32f4xx_ll_usb.o

.debug_macro    0x0000000000000000    0x23bde
 .debug_macro   0x0000000000000000       0x6d ./Core/Src/exercises_list.o
 .debug_macro   0x000000000000006d      0xa78 ./Core/Src/exercises_list.o
 .debug_macro   0x0000000000000ae5       0x22 ./Core/Src/exercises_list.o
 .debug_macro   0x0000000000000b07       0x8e ./Core/Src/exercises_list.o
 .debug_macro   0x0000000000000b95       0x51 ./Core/Src/exercises_list.o
 .debug_macro   0x0000000000000be6      0x103 ./Core/Src/exercises_list.o
 .debug_macro   0x0000000000000ce9       0x6a ./Core/Src/exercises_list.o
 .debug_macro   0x0000000000000d53      0x1df ./Core/Src/exercises_list.o
 .debug_macro   0x0000000000000f32      0x2e9 ./Core/Src/main.o
 .debug_macro   0x000000000000121b      0x2af ./Core/Src/main.o
 .debug_macro   0x00000000000014ca       0x2e ./Core/Src/main.o
 .debug_macro   0x00000000000014f8       0x28 ./Core/Src/main.o
 .debug_macro   0x0000000000001520       0x1c ./Core/Src/main.o
 .debug_macro   0x000000000000153c       0x22 ./Core/Src/main.o
 .debug_macro   0x000000000000155e       0xd9 ./Core/Src/main.o
 .debug_macro   0x0000000000001637     0x102d ./Core/Src/main.o
 .debug_macro   0x0000000000002664      0x11f ./Core/Src/main.o
 .debug_macro   0x0000000000002783    0x17fc0 ./Core/Src/main.o
 .debug_macro   0x000000000001a743       0x6d ./Core/Src/main.o
 .debug_macro   0x000000000001a7b0     0x36f5 ./Core/Src/main.o
 .debug_macro   0x000000000001dea5      0x174 ./Core/Src/main.o
 .debug_macro   0x000000000001e019       0x5c ./Core/Src/main.o
 .debug_macro   0x000000000001e075      0xca5 ./Core/Src/main.o
 .debug_macro   0x000000000001ed1a      0x9fe ./Core/Src/main.o
 .debug_macro   0x000000000001f718      0x115 ./Core/Src/main.o
 .debug_macro   0x000000000001f82d      0x156 ./Core/Src/main.o
 .debug_macro   0x000000000001f983       0xa5 ./Core/Src/main.o
 .debug_macro   0x000000000001fa28      0x182 ./Core/Src/main.o
 .debug_macro   0x000000000001fbaa      0x287 ./Core/Src/main.o
 .debug_macro   0x000000000001fe31       0x5f ./Core/Src/main.o
 .debug_macro   0x000000000001fe90      0x236 ./Core/Src/main.o
 .debug_macro   0x00000000000200c6      0xd44 ./Core/Src/main.o
 .debug_macro   0x0000000000020e0a      0x132 ./Core/Src/main.o
 .debug_macro   0x0000000000020f3c      0x41d ./Core/Src/main.o
 .debug_macro   0x0000000000021359       0x2e ./Core/Src/main.o
 .debug_macro   0x0000000000021387      0x11a ./Core/Src/main.o
 .debug_macro   0x00000000000214a1       0xe2 ./Core/Src/main.o
 .debug_macro   0x0000000000021583       0x89 ./Core/Src/main.o
 .debug_macro   0x000000000002160c      0x295 ./Core/Src/main.o
 .debug_macro   0x00000000000218a1      0x248 ./Core/Src/main.o
 .debug_macro   0x0000000000021ae9       0xba ./Core/Src/main.o
 .debug_macro   0x0000000000021ba3      0x134 ./Core/Src/main.o
 .debug_macro   0x0000000000021cd7      0x130 ./Core/Src/main.o
 .debug_macro   0x0000000000021e07       0x52 ./Core/Src/main.o
 .debug_macro   0x0000000000021e59       0x1e ./Core/Src/main.o
 .debug_macro   0x0000000000021e77       0x3c ./Core/Src/main.o
 .debug_macro   0x0000000000021eb3       0x34 ./Core/Src/main.o
 .debug_macro   0x0000000000021ee7       0x16 ./Core/Src/main.o
 .debug_macro   0x0000000000021efd       0x43 ./Core/Src/main.o
 .debug_macro   0x0000000000021f40       0x34 ./Core/Src/main.o
 .debug_macro   0x0000000000021f74       0x10 ./Core/Src/main.o
 .debug_macro   0x0000000000021f84       0x58 ./Core/Src/main.o
 .debug_macro   0x0000000000021fdc       0x71 ./Core/Src/main.o
 .debug_macro   0x000000000002204d       0x1c ./Core/Src/main.o
 .debug_macro   0x0000000000022069      0x12a ./Core/Src/main.o
 .debug_macro   0x0000000000022193      0x341 ./Core/Src/main.o
 .debug_macro   0x00000000000224d4       0x10 ./Core/Src/main.o
 .debug_macro   0x00000000000224e4       0x35 ./Core/Src/main.o
 .debug_macro   0x0000000000022519       0x20 ./Core/Src/main.o
 .debug_macro   0x0000000000022539      0x201 ./Core/Src/stm32f4xx_hal_msp.o
 .debug_macro   0x000000000002273a      0x20b ./Core/Src/stm32f4xx_it.o
 .debug_macro   0x0000000000022945      0x1e8 ./Core/Src/system_stm32f4xx.o
 .debug_macro   0x0000000000022b2d      0x248 ./Drivers/STM32F4xx_HAL_Driver/Src/stm32f4xx_hal.o
 .debug_macro   0x0000000000022d75      0x1e8 ./Drivers/STM32F4xx_HAL_Driver/Src/stm32f4xx_hal_cortex.o
 .debug_macro   0x0000000000022f5d      0x2c2 ./Drivers/STM32F4xx_HAL_Driver/Src/stm32f4xx_hal_eth.o
 .debug_macro   0x000000000002321f      0x1ee ./Drivers/STM32F4xx_HAL_Driver/Src/stm32f4xx_hal_gpio.o
 .debug_macro   0x000000000002340d      0x1f4 ./Drivers/STM32F4xx_HAL_Driver/Src/stm32f4xx_hal_pcd.o
 .debug_macro   0x0000000000023601      0x20c ./Drivers/STM32F4xx_HAL_Driver/Src/stm32f4xx_hal_rcc.o
 .debug_macro   0x000000000002380d      0x1e9 ./Drivers/STM32F4xx_HAL_Driver/Src/stm32f4xx_hal_uart.o
 .debug_macro   0x00000000000239f6      0x1e8 ./Drivers/STM32F4xx_HAL_Driver/Src/stm32f4xx_ll_usb.o

.comment        0x0000000000000000       0x50
 .comment       0x0000000000000000       0x50 ./Core/Src/exercises_list.o
                                         0x51 (size before relaxing)
 .comment       0x0000000000000050       0x51 ./Core/Src/main.o
 .comment       0x0000000000000050       0x51 ./Core/Src/stm32f4xx_hal_msp.o
 .comment       0x0000000000000050       0x51 ./Core/Src/stm32f4xx_it.o
 .comment       0x0000000000000050       0x51 ./Core/Src/system_stm32f4xx.o
 .comment       0x0000000000000050       0x51 ./Drivers/STM32F4xx_HAL_Driver/Src/stm32f4xx_hal.o
 .comment       0x0000000000000050       0x51 ./Drivers/STM32F4xx_HAL_Driver/Src/stm32f4xx_hal_cortex.o
 .comment       0x0000000000000050       0x51 ./Drivers/STM32F4xx_HAL_Driver/Src/stm32f4xx_hal_eth.o
 .comment       0x0000000000000050       0x51 ./Drivers/STM32F4xx_HAL_Driver/Src/stm32f4xx_hal_gpio.o
 .comment       0x0000000000000050       0x51 ./Drivers/STM32F4xx_HAL_Driver/Src/stm32f4xx_hal_pcd.o
 .comment       0x0000000000000050       0x51 ./Drivers/STM32F4xx_HAL_Driver/Src/stm32f4xx_hal_rcc.o
 .comment       0x0000000000000050       0x51 ./Drivers/STM32F4xx_HAL_Driver/Src/stm32f4xx_hal_uart.o
 .comment       0x0000000000000050       0x51 ./Drivers/STM32F4xx_HAL_Driver/Src/stm32f4xx_ll_usb.o

.debug_frame    0x0000000000000000     0x307c
 .debug_frame   0x0000000000000000      0x178 ./Core/Src/exercises_list.o
 .debug_frame   0x0000000000000178      0x108 ./Core/Src/main.o
 .debug_frame   0x0000000000000280      0x110 ./Core/Src/stm32f4xx_hal_msp.o
 .debug_frame   0x0000000000000390      0x10c ./Core/Src/stm32f4xx_it.o
 .debug_frame   0x000000000000049c       0x58 ./Core/Src/system_stm32f4xx.o
 .debug_frame   0x00000000000004f4      0x3b4 ./Drivers/STM32F4xx_HAL_Driver/Src/stm32f4xx_hal.o
 .debug_frame   0x00000000000008a8      0x498 ./Drivers/STM32F4xx_HAL_Driver/Src/stm32f4xx_hal_cortex.o
 .debug_frame   0x0000000000000d40      0x8a8 ./Drivers/STM32F4xx_HAL_Driver/Src/stm32f4xx_hal_eth.o
 .debug_frame   0x00000000000015e8      0x14c ./Drivers/STM32F4xx_HAL_Driver/Src/stm32f4xx_hal_gpio.o
 .debug_frame   0x0000000000001734      0x5bc ./Drivers/STM32F4xx_HAL_Driver/Src/stm32f4xx_hal_pcd.o
 .debug_frame   0x0000000000001cf0      0x1f4 ./Drivers/STM32F4xx_HAL_Driver/Src/stm32f4xx_hal_rcc.o
 .debug_frame   0x0000000000001ee4      0x92c ./Drivers/STM32F4xx_HAL_Driver/Src/stm32f4xx_hal_uart.o
 .debug_frame   0x0000000000002810      0x7c0 ./Drivers/STM32F4xx_HAL_Driver/Src/stm32f4xx_ll_usb.o
 .debug_frame   0x0000000000002fd0       0x2c c:/st/stm32cubeide_1.9.0/stm32cubeide/plugins/com.st.stm32cube.ide.mcu.externaltools.gnu-tools-for-stm32.10.3-2021.10.win32_1.0.0.202111181127/tools/bin/../lib/gcc/arm-none-eabi/10.3.1/../../../../arm-none-eabi/lib/thumb/v7e-m+fp/hard\libc_nano.a(lib_a-init.o)
 .debug_frame   0x0000000000002ffc       0x20 c:/st/stm32cubeide_1.9.0/stm32cubeide/plugins/com.st.stm32cube.ide.mcu.externaltools.gnu-tools-for-stm32.10.3-2021.10.win32_1.0.0.202111181127/tools/bin/../lib/gcc/arm-none-eabi/10.3.1/../../../../arm-none-eabi/lib/thumb/v7e-m+fp/hard\libc_nano.a(lib_a-memset.o)
 .debug_frame   0x000000000000301c       0x2c c:/st/stm32cubeide_1.9.0/stm32cubeide/plugins/com.st.stm32cube.ide.mcu.externaltools.gnu-tools-for-stm32.10.3-2021.10.win32_1.0.0.202111181127/tools/bin/../lib/gcc/arm-none-eabi/10.3.1/thumb/v7e-m+fp/hard\libgcc.a(_aeabi_uldivmod.o)
 .debug_frame   0x0000000000003048       0x34 c:/st/stm32cubeide_1.9.0/stm32cubeide/plugins/com.st.stm32cube.ide.mcu.externaltools.gnu-tools-for-stm32.10.3-2021.10.win32_1.0.0.202111181127/tools/bin/../lib/gcc/arm-none-eabi/10.3.1/thumb/v7e-m+fp/hard\libgcc.a(_udivmoddi4.o)
